// Jest Snapshot v1, https://goo.gl/fbAQLP

exports[`should render 1`] = `
<div
  className="table-responsive"
>
  <table
    className="table"
  >
    <thead>
      <tr>
        <th>
          #
        </th>
        <th />
      </tr>
    </thead>
    <tbody
      name="js-content-list"
    >
      <tr>
        <td>
          01
          :
        </td>
        <td>
          test
        </td>
      </tr>
    </tbody>
  </table>
</div>
`;
